------------------------------------------------------------
Timing Analyzer Summary
------------------------------------------------------------

Type  : Slow 1100mV 85C Model Setup 'clk'
Slack : -3.582
TNS   : -636.429

Type  : Slow 1100mV 85C Model Hold 'clk'
Slack : 0.312
TNS   : 0.000

Type  : Slow 1100mV 85C Model Minimum Pulse Width 'clk'
Slack : -0.538
TNS   : -387.850

Type  : Slow 1100mV 0C Model Setup 'clk'
Slack : -3.374
TNS   : -569.298

Type  : Slow 1100mV 0C Model Hold 'clk'
Slack : 0.298
TNS   : 0.000

Type  : Slow 1100mV 0C Model Minimum Pulse Width 'clk'
Slack : -0.538
TNS   : -395.511

Type  : Fast 1100mV 85C Model Setup 'clk'
Slack : -1.313
TNS   : -109.575

Type  : Fast 1100mV 85C Model Hold 'clk'
Slack : 0.161
TNS   : 0.000

Type  : Fast 1100mV 85C Model Minimum Pulse Width 'clk'
Slack : -0.095
TNS   : -45.741

Type  : Fast 1100mV 0C Model Setup 'clk'
Slack : -1.089
TNS   : -60.389

Type  : Fast 1100mV 0C Model Hold 'clk'
Slack : 0.148
TNS   : 0.000

Type  : Fast 1100mV 0C Model Minimum Pulse Width 'clk'
Slack : -0.096
TNS   : -46.765

------------------------------------------------------------
